123
456

231432
3425325
